run  : int32
pt   : int32
mach : float32
alpha: float32
beta : float32
