01 (length): 1.00 in --> m
  0.02540
02 (imperial w/ mks prefix): 1.00 khp --> W
  745699.87238
03 (area): 1.00 hectare --> m^2
  10000.000
04 (slash): 1.00 ft/mhr --> m/s
  0.08467
05 (micro): 1.00 um --> m
  1.00e-06
06 (double-prefix): 1.00 nGm --> m
  1.00e+00
07 (asterisk): 5.00 ft*lbf --> N*m
  6.7791
08 (space): 5.00 ft*lbf --> N*m
  6.7791
09 (exponent): 100.00 in^3 --> L
  1.6387
10 (exponent): 12.00 slug --> kg
  175.1268
