Case Config/Run Directory  Status  Iterations  Que CPU Time 
---- --------------------- ------- ----------- --- --------
5    poweroff/m1.1a2.0b0.0 PASS*   /           .            

PASS*=1, 
