01: aoap, phip --> a, b
0: aoap=0.0, phip=  0.0 -> a= 0.0000, b= 0.0000
1: aoap=4.0, phip=  0.0 -> a= 4.0000, b= 0.0000
2: aoap=4.0, phip= 45.0 -> a= 2.8307, b= 2.8273
3: aoap=4.0, phip= 90.0 -> a= 0.0000, b= 4.0000
4: aoap=4.0, phip=235.0 -> a=-2.2968, b=-3.2757
02: a, b --> aoap, phip
0: a= 0.0, b= 0.0 -> aoap=0.00, phip=  0.00
1: a= 4.0, b= 0.0 -> aoap=4.00, phip=  0.00
2: a= 4.0, b= 4.0 -> aoap=5.65, phip= 45.07
3: a=-4.0, b=-2.0 -> aoap=4.47, phip=206.59
03: a, b --> aoav, phiv
0: a= 0.0, b= 0.0 -> aoav= 0.00, phiv=  0.00
1: a= 4.0, b= 0.0 -> aoav= 4.00, phiv=  0.00
2: a= 4.0, b= 4.0 -> aoav= 5.65, phiv= 45.07
3: a=-4.0, b=-2.0 -> aoav=-4.47, phiv= 26.59
04: mach, q --> p, p0
0: mach=2.00, q=100.0 psf -> p= 35.71, p0=279.44
1: mach=2.00, q=250.0 psf -> p= 89.29, p0=698.61
2: mach=2.00, q=300.0 psf -> p=107.14, p0=838.33
04: mach, q --> p, p0
0: mach=2.00, q=100.0 psf  T=450.0 R -> Rey=23996.5/in
1: mach=2.00, q=250.0 psf  T=450.0 R -> Rey=59991.2/in
2: mach=2.00, q=300.0 psf  T=450.0 R -> Rey=71989.5/in
