Case Config/Run Directory  Status  Iterations  Que CPU Time 
---- --------------------- ------- ----------- --- --------
6    poweroff/m1.5a0.0b0.0 ERROR   /           .            

ERROR=1, 
