    mach: float32 (ndarray)
   alpha: float16 (ndarray)
  config: unicode (list)
   Label: unicode (list)
      CA: float64 (ndarray)
      CY: float64 (ndarray)
      CN: float64 (ndarray)
     CLM: float64 (ndarray)
 nOrders: float64 (ndarray)
   nIter: float64 (ndarray)
  nStats: int32 (ndarray)
