Importing module 'dac'
  InitFunction: dac.InitCntl()
<cape.Cntl(nCase=20)>
