PlotOptions:
    :Index: 2
    :Rotate: ``False``
    :color:
        +------------------+
        | ``"b"``          |
        +------------------+
        | ``"k"``          |
        +------------------+
        | ``"darkorange"`` |
        +------------------+
        | ``"g"``          |
        +------------------+
    :zorder: 8
    :ls: ``"--"``
