cols:
    mach        alpha       beta        aoap       
    phip        q           T           bullet.x   
    bullet.dCA  bullet.dCY  bullet.dCN  bullet.dCLL
    bullet.dCLM bullet.dCLN bullet.CA   bullet.CY  
    bullet.CN   bullet.CLL  bullet.CLM  bullet.CLN 
values:
       mach: 0.80
      alpha: 2.00
       beta: 0.00
  bullet.CN: 0.09
 bullet.CLM: 0.29
