mach: 0.90
aoa : 1.50
beta: 0.50
aoap: 1.5811
phip: 18.4373
bullet.CA : 0.241 0.241 0.241
bullet.CY : 0.022 0.022 0.022
bullet.CN : 0.067 0.067 0.067
bullet.CLL: 0.000 0.000 0.000
bullet.CLM: 0.218 0.218 0.218
bullet.CLN: 0.073 0.073 0.073
aoap: size=578, dtype=float64
phip: size=578, dtype=float64
