mach : 0.90
alpha: 1.50
beta : 0.50
xMRP : 2.00
bullet.CLM : 0.218
bullet.CLMX: 0.352
bullet.CLN : 0.073
bullet.CLNX: 0.117
