    col1: 2.1
    col2: 4.0
    col3: 1.5
    col4: poweroff
    col5: 
    col6: @user3
