Case Config/Run Directory  Status  Iterations  Que CPU Time 
---- --------------------- ------- ----------- --- --------
1    poweroff/m0.8a4.0b0.0 DONE    1750/1000   .        0.8 

DONE=1, 
