Case 13: m0.95a5.00 CA=0.526
Case 13: m0.95a5.00 CA=0.526
