CompIDs from TRI file
[ 1  2  3 11 12 13 14]
CompIDs from JSON file
[ 1  2  3 11 12 13 14]
