run  : int32
pt   : int32
beta : float64
alpha: float64
mach : float64
