alpha     : (6,)
beta      : (6,)
aoap      : (6,)
phip      : (6,)
q         : (6,)
T         : (6,)
bullet.x  : (101,)
bullet.dCA: (101, 6)
bullet.dCY: (101, 6)
bullet.dCN: (101, 6)
MACH      : (6,)
