aoap      : (6,)
bullet.x  : (101,)
bullet.dCA: (101, 6)
bullet.dCY: (101, 6)
bullet.dCN: (101, 6)
q         : (6,)
beta      : (6,)
T         : (6,)
phip      : (6,)
alpha     : (6,)
mach      : (6,)
