Select alpha,beta, display all
  Case 02: m0.50a2.0b0.0_CT0.0
  Case 06: m0.70a2.0b0.0_CT0.0
  Case 09: m0.70a2.0b0.0_CT2.1
  Case 12: m0.90a2.0b0.0_CT0.0
  Case 15: m0.90a2.0b0.0_CT1.4
  Case 17: m0.90a2.0b0.0_CT1.4
Select alpha,beta, match once
  Case 02, match 00: m0.50a2.0b0.0_CT0.0
  Case 06, match 01: m0.70a2.0b0.0_CT0.0
  Case 12, match 02: m0.90a2.0b0.0_CT0.0
Select alpha,beta, map all matches
  Case 02, match 00: m0.50a2.0b0.0_CT0.0
  Case 06, match 01: m0.70a2.0b0.0_CT0.0
  Case 09, match 01: m0.70a2.0b0.0_CT2.1
  Case 12, match 02: m0.90a2.0b0.0_CT0.0
  Case 15, match 02: m0.90a2.0b0.0_CT1.4
  Case 17, match 02: m0.90a2.0b0.0_CT1.4
